
> build
> next build

   Γû▓ Next.js 14.0.0

   Creating an optimized production build ...
 Γ£ô Compiled successfully
   Linting and checking validity of types ...
   Collecting page data ...
   Generating static pages (0/11) ...

   Generating static pages (2/11) 

   Generating static pages (5/11) 

 ΓÜá metadata.metadataBase is not set for resolving social open graph or twitter images, using "http://localhost:3000". See https://nextjs.org/docs/app/api-reference/functions/generate-metadata#metadatabase

 ΓÜá metadata.metadataBase is not set for resolving social open graph or twitter images, using "http://localhost:3000". See https://nextjs.org/docs/app/api-reference/functions/generate-metadata#metadatabase

 ΓÜá metadata.metadataBase is not set for resolving social open graph or twitter images, using "http://localhost:3000". See https://nextjs.org/docs/app/api-reference/functions/generate-metadata#metadatabase

   Generating static pages (8/11) 

 Γ£ô Generating static pages (11/11) 
   Finalizing page optimization ...
   Collecting build traces ...

Route (app)                              Size     First Load JS
Γöî ╬╗ /                                    8.05 kB         101 kB
Γö£ Γùï /_not-found                          875 B          88.6 kB
Γö£ ╬╗ /admin                               5.29 kB         110 kB
Γö£ Γùï /admin/login                         1.37 kB         100 kB
Γö£ ╬╗ /api/auth/[...nextauth]              0 B                0 B
Γö£ ╬╗ /api/graffiti                        0 B                0 B
Γö£ ╬╗ /api/lyrics                          0 B                0 B
Γö£ ╬╗ /api/quotes                          0 B                0 B
Γö£ ╬╗ /api/slogan                          0 B                0 B
Γöö ╬╗ /api/songs                           0 B                0 B
+ First Load JS shared by all            87.7 kB
  Γö£ chunks/472-4ca15be566e117ef.js       32.4 kB
  Γö£ chunks/fd9d1056-b62a1eb8ad9758d3.js  53.3 kB
  Γö£ chunks/main-app-9216844a5d42b45c.js  230 B
  Γöö chunks/webpack-e3ebb0493492446d.js   1.79 kB


Γùï  (Static)   prerendered as static HTML
╬╗  (Dynamic)  server-rendered on demand using Node.js

